src/pages/EndpointsPage.vue(9,54): error TS2322: Type '{ name: string; label: string; field: string; align: string; }[]' is not assignable to type '{ name: string; label: string; field: string | ((row: any) => any); required?: boolean | undefined; align?: "left" | "right" | "center" | undefined; sortable?: boolean | undefined; sort?: ((a: any, b: any, rowA: any, rowB: any) => number) | undefined; ... 6 more ...; headerClasses?: string | undefined; }[]'.
  Type '{ name: string; label: string; field: string; align: string; }' is not assignable to type '{ name: string; label: string; field: string | ((row: any) => any); required?: boolean | undefined; align?: "left" | "right" | "center" | undefined; sortable?: boolean | undefined; sort?: ((a: any, b: any, rowA: any, rowB: any) => number) | undefined; ... 6 more ...; headerClasses?: string | undefined; }'.
    Types of property 'align' are incompatible.
      Type 'string' is not assignable to type '"left" | "right" | "center" | undefined'.
src/pages/SystemsPage.vue(9,44): error TS2322: Type '{ name: string; label: string; field: string; align: string; }[]' is not assignable to type '{ name: string; label: string; field: string | ((row: any) => any); required?: boolean | undefined; align?: "left" | "right" | "center" | undefined; sortable?: boolean | undefined; sort?: ((a: any, b: any, rowA: any, rowB: any) => number) | undefined; ... 6 more ...; headerClasses?: string | undefined; }[]'.
  Type '{ name: string; label: string; field: string; align: string; }' is not assignable to type '{ name: string; label: string; field: string | ((row: any) => any); required?: boolean | undefined; align?: "left" | "right" | "center" | undefined; sortable?: boolean | undefined; sort?: ((a: any, b: any, rowA: any, rowB: any) => number) | undefined; ... 6 more ...; headerClasses?: string | undefined; }'.
    Types of property 'align' are incompatible.
      Type 'string' is not assignable to type '"left" | "right" | "center" | undefined'.
src/router/routes.ts(1,10): error TS1484: 'RouteRecordRaw' is a type and must be imported using a type-only import when 'verbatimModuleSyntax' is enabled.
src/services/api.service.ts(2,17): error TS1484: 'AxiosInstance' is a type and must be imported using a type-only import when 'verbatimModuleSyntax' is enabled.
src/services/api.service.ts(8,24): error TS2339: Property 'env' does not exist on type 'ImportMeta'.
