src/pages/InsightDetailPage.vue(30,17): error TS2339: Property '$router' does not exist on type '{ loading: boolean; insight: { id: string; system_id?: string | undefined; endpoint_id?: string | undefined; title: string; content: string; severity: "info" | "warning" | "critical" | "success"; type: "info" | ... 8 more ... | "generated"; created_at: string; is_read?: boolean | undefined; } | null; ... 21 more ......'.
src/pages/InsightDetailPage.vue(45,19): error TS2339: Property '$router' does not exist on type '{ loading: boolean; insight: { id: string; system_id?: string | undefined; endpoint_id?: string | undefined; title: string; content: string; severity: "info" | "warning" | "critical" | "success"; type: "info" | ... 8 more ... | "generated"; created_at: string; is_read?: boolean | undefined; } | null; ... 21 more ......'.
src/pages/SystemDetailPage.vue(25,21): error TS2339: Property '$router' does not exist on type '{ loading: boolean; system: { id: string; name: string; slug: string; description?: string | undefined; base_url?: string | undefined; is_active: boolean; created_at: string; } | null; tab: string; ... 16 more ...; $api: AxiosInstance; }'.
src/pages/SystemsPage.vue(215,21): error TS1484: 'QTableColumn' is a type and must be imported using a type-only import when 'verbatimModuleSyntax' is enabled.
src/stores/insights.store.ts(19,47): error TS2339: Property 'getAll' does not exist on type 'InsightsService'.
src/stores/insights.store.ts(30,47): error TS2339: Property 'getBySystem' does not exist on type 'InsightsService'.
src/stores/insights.store.ts(41,57): error TS2339: Property 'getById' does not exist on type 'InsightsService'.
src/stores/insights.store.ts(66,56): error TS2339: Property 'chat' does not exist on type 'InsightsService'.
src/stores/systems.store.ts(18,45): error TS2339: Property 'getAll' does not exist on type '{ findAll(): Promise<System[]>; findOne(id: string): Promise<System>; create(payload: CreateSystemDto): Promise<System>; update(id: string, payload: UpdateSystemDto): Promise<...>; remove(id: string): Promise<...>; getStats(id: string): Promise<...>; }'.
src/stores/systems.store.ts(29,51): error TS2339: Property 'getById' does not exist on type '{ findAll(): Promise<System[]>; findOne(id: string): Promise<System>; create(payload: CreateSystemDto): Promise<System>; update(id: string, payload: UpdateSystemDto): Promise<...>; remove(id: string): Promise<...>; getStats(id: string): Promise<...>; }'.
src/stores/systems.store.ts(40,55): error TS2345: Argument of type 'Partial<System>' is not assignable to parameter of type 'CreateSystemDto'.
  Property 'auth_type' is missing in type 'Partial<System>' but required in type 'CreateSystemDto'.
src/stores/systems.store.ts(74,30): error TS2339: Property 'delete' does not exist on type '{ findAll(): Promise<System[]>; findOne(id: string): Promise<System>; create(payload: CreateSystemDto): Promise<System>; update(id: string, payload: UpdateSystemDto): Promise<...>; remove(id: string): Promise<...>; getStats(id: string): Promise<...>; }'.
